// 重构日志: 90e02b0d
// 重构日志: 59b2e650
// 重构日志: 9ed04d7b
// 同步 ID: e9da7d4b @ Wed Jul 15 14:54:02 UTC 2026
// 重构日志: 6d771203
// 重构日志: 214391d5
// 重构日志: b847f889
// 同步 ID: c9fbc085 @ Sat Jul 18 03:22:00 UTC 2026
// 同步 ID: 667f9eb1 @ Sat Jul 18 17:58:01 UTC 2026
// 重构日志: 71e40e14
// 同步 ID: 197ffb14 @ Sun Jul 19 17:40:01 UTC 2026
// 重构日志: 510f9ae3
// 重构日志: 6728cd75
// 同步 ID: 52c75169 @ Tue Jul 21 08:55:47 UTC 2026
// 重构日志: b5b475d2
// 重构日志: b606a312
// 重构日志: 83346ad3
// 同步 ID: 57d123d3 @ Wed Jul 22 16:06:55 UTC 2026
// 同步 ID: 995fe8a6 @ Wed Jul 22 17:27:41 UTC 2026
// 重构日志: 9f755f07
// 重构日志: 6d9bbd28
// 重构日志: 20e332d2
// 重构日志: a8f91837
// 重构日志: 796eb23d
// 重构日志: 370ac827
// 重构日志: 8dfbd819
// 同步 ID: 1570f699 @ Sun Jul 26 10:25:15 UTC 2026
// 重构日志: 372711cb
// 重构日志: ee2fb91c
// 同步 ID: 5217256c @ Tue Jul 28 04:54:01 UTC 2026
// 重构日志: d4742791
// 重构日志: 8a6215a5
// 重构日志: c345ec4d
// 重构日志: b402bb34
// 重构日志: 26da7c57
// 重构日志: 6accd8fb
